<html>
<body>
<pre>
<h1>µVision Build Log</h1>
<h2>Project:</h2>
C:\Users\stran\Documents\LDM_BB_K1986BE92QI\Example_Projects\BUTTON\mlndr.uvproj
Project File Date:  03/17/2025

<h2>Output:</h2>
Build target 'Target 1'
linking...
mlndr.axf: Error: L6320W: Ignoring --entry command. Cannot find argument 'Reset_Handler'.
mlndr.axf: Warning: L6320W: Ignoring --first command. Cannot find argument '__Vectors'.
Target not created
Build target 'Target 1'
assembling startup_MDR32F9Qx.s...
linking...
Program Size: Code=2892 RO-data=224 RW-data=4 ZI-data=1636  
FromELF: creating hex file...
"mlndr.axf" - 0 Error(s), 0 Warning(s).
Build target 'Target 1'
linking...
Program Size: Code=2892 RO-data=224 RW-data=4 ZI-data=1636  
FromELF: creating hex file...
"mlndr.axf" - 0 Error(s), 0 Warning(s).
